=== Detailed Benchmark Job Metadata ===
Date: Fri Mar 27 04:54:04 GMT 2026
Hostname: saxa.inf.ed.ac.uk
Job ID: 2236079
GPU: NVIDIA H200
Benchmark args: --runs 5 --warmup-benchmarks 1 --benchmark-repeats 3
PyTorch 2.10.0+cu130, GPU: NVIDIA H200 MIG 3g.71gb

=== glm_asr_triton_template ===
======================================================================
GLM-ASR Detailed Operator Profiling
======================================================================

Loading test audio...
Audio: 3.50s @ 16000Hz

Loading model from glm_asr_triton_template...
Loading HuggingFace model: zai-org/GLM-ASR-Nano-2512
Creating Triton model with config:
  Audio: hidden=1280, heads=20, layers=32
  Text: hidden=2048, heads=16, kv_heads=4, layers=28
Loading HuggingFace weights...

Loading weights:   0%|          | 0/745 [00:00<?, ?it/s]
Loading weights:   1%|          | 4/745 [00:00<02:04,  5.95it/s]
Loading weights:   1%|          | 8/745 [00:00<01:23,  8.79it/s]
Loading weights:   3%|▎         | 23/745 [00:01<00:48, 15.01it/s]
Loading weights:   3%|▎         | 25/745 [00:01<00:49, 14.53it/s]
Loading weights:   5%|▌         | 38/745 [00:02<00:38, 18.29it/s]
Loading weights:   5%|▌         | 40/745 [00:02<00:43, 16.39it/s]
Loading weights:   7%|▋         | 53/745 [00:03<00:36, 18.90it/s]
Loading weights:   7%|▋         | 55/745 [00:03<00:38, 18.10it/s]
Loading weights:   9%|▉         | 68/745 [00:03<00:31, 21.23it/s]
Loading weights:   9%|▉         | 70/745 [00:04<00:36, 18.63it/s]
Loading weights:  11%|█         | 83/745 [00:04<00:32, 20.44it/s]
Loading weights:  11%|█▏        | 85/745 [00:04<00:34, 19.29it/s]
Loading weights:  13%|█▎        | 98/745 [00:05<00:29, 21.83it/s]
Loading weights:  13%|█▎        | 100/745 [00:05<00:32, 19.67it/s]
Loading weights:  15%|█▌        | 113/745 [00:06<00:31, 20.24it/s]
Loading weights:  15%|█▌        | 115/745 [00:06<00:32, 19.43it/s]
Loading weights:  17%|█▋        | 128/745 [00:06<00:28, 21.73it/s]
Loading weights:  17%|█▋        | 130/745 [00:07<00:33, 18.11it/s]
Loading weights:  19%|█▉        | 143/745 [00:07<00:32, 18.70it/s]
Loading weights:  19%|█▉        | 145/745 [00:07<00:33, 17.93it/s]
Loading weights:  21%|██        | 158/745 [00:08<00:28, 20.77it/s]
Loading weights:  21%|██▏       | 160/745 [00:08<00:30, 19.00it/s]
Loading weights:  23%|██▎       | 173/745 [00:09<00:27, 20.49it/s]
Loading weights:  23%|██▎       | 175/745 [00:09<00:28, 19.76it/s]
Loading weights:  25%|██▌       | 188/745 [00:09<00:25, 21.80it/s]
Loading weights:  26%|██▌       | 190/745 [00:10<00:27, 20.51it/s]
Loading weights:  27%|██▋       | 203/745 [00:10<00:25, 21.04it/s]
Loading weights:  28%|██▊       | 205/745 [00:10<00:25, 20.90it/s]
Loading weights:  29%|██▉       | 218/745 [00:11<00:23, 22.31it/s]
Loading weights:  30%|██▉       | 221/745 [00:11<00:23, 22.04it/s]
Loading weights:  31%|███▏      | 233/745 [00:12<00:23, 21.51it/s]
Loading weights:  32%|███▏      | 236/745 [00:12<00:22, 22.24it/s]
Loading weights:  33%|███▎      | 248/745 [00:12<00:22, 22.14it/s]
Loading weights:  34%|███▎      | 251/745 [00:12<00:22, 21.78it/s]
Loading weights:  35%|███▌      | 263/745 [00:13<00:24, 19.49it/s]
Loading weights:  36%|███▌      | 266/745 [00:13<00:26, 18.01it/s]
Loading weights:  37%|███▋      | 278/745 [00:14<00:23, 19.63it/s]
Loading weights:  38%|███▊      | 280/745 [00:14<00:24, 18.70it/s]
Loading weights:  39%|███▉      | 293/745 [00:15<00:22, 19.93it/s]
Loading weights:  41%|████▏     | 308/745 [00:15<00:21, 20.55it/s]
Loading weights:  42%|████▏     | 310/745 [00:15<00:22, 19.12it/s]
Loading weights:  43%|████▎     | 323/745 [00:16<00:20, 20.56it/s]
Loading weights:  45%|████▌     | 338/745 [00:17<00:19, 20.40it/s]
Loading weights:  47%|████▋     | 353/745 [00:17<00:18, 21.00it/s]
Loading weights:  49%|████▉     | 368/745 [00:18<00:18, 20.53it/s]
Loading weights:  51%|█████▏    | 383/745 [00:19<00:17, 21.29it/s]
Loading weights:  53%|█████▎    | 398/745 [00:20<00:16, 20.78it/s]
Loading weights:  55%|█████▌    | 413/745 [00:20<00:15, 20.97it/s]
Loading weights:  57%|█████▋    | 428/745 [00:21<00:15, 20.94it/s]
Loading weights:  59%|█████▉    | 443/745 [00:22<00:14, 21.07it/s]
Loading weights:  61%|██████▏   | 458/745 [00:22<00:13, 21.09it/s]
Loading weights:  63%|██████▎   | 473/745 [00:23<00:12, 21.22it/s]
Loading weights:  63%|██████▎   | 473/745 [00:39<00:12, 21.22it/s]
Loading weights:  65%|██████▌   | 487/745 [00:41<01:45,  2.44it/s]
Loading weights:  71%|███████   | 528/745 [00:42<00:41,  5.18it/s]
Loading weights:  72%|███████▏  | 535/745 [00:44<00:42,  4.94it/s]
Loading weights:  72%|███████▏  | 538/745 [00:44<00:39,  5.22it/s]
Loading weights:  73%|███████▎  | 544/745 [00:46<00:44,  4.54it/s]
Loading weights:  73%|███████▎  | 546/745 [00:46<00:42,  4.73it/s]
Loading weights:  74%|███████▍  | 553/745 [00:48<00:43,  4.44it/s]
Loading weights:  74%|███████▍  | 555/745 [00:49<00:42,  4.50it/s]
Loading weights:  75%|███████▌  | 562/745 [00:51<00:43,  4.24it/s]
Loading weights:  76%|███████▌  | 564/745 [00:51<00:39,  4.57it/s]
Loading weights:  77%|███████▋  | 571/745 [00:53<00:42,  4.06it/s]
Loading weights:  78%|███████▊  | 580/745 [00:55<00:39,  4.19it/s]
Loading weights:  78%|███████▊  | 581/745 [00:55<00:38,  4.26it/s]
Loading weights:  79%|███████▉  | 589/745 [00:57<00:37,  4.18it/s]
Loading weights:  79%|███████▉  | 591/745 [00:57<00:34,  4.48it/s]
Loading weights:  80%|████████  | 598/745 [00:59<00:35,  4.15it/s]
Loading weights:  80%|████████  | 599/745 [00:59<00:34,  4.29it/s]
Loading weights:  81%|████████▏ | 607/745 [01:01<00:33,  4.09it/s]
Loading weights:  82%|████████▏ | 608/745 [01:01<00:32,  4.20it/s]
Loading weights:  82%|████████▏ | 609/745 [01:02<00:31,  4.38it/s]
Loading weights:  83%|████████▎ | 616/745 [01:04<00:32,  3.95it/s]
Loading weights:  83%|████████▎ | 617/745 [01:04<00:30,  4.15it/s]
Loading weights:  83%|████████▎ | 618/745 [01:04<00:29,  4.34it/s]
Loading weights:  84%|████████▍ | 625/745 [01:06<00:31,  3.83it/s]
Loading weights:  85%|████████▌ | 634/745 [01:08<00:27,  3.98it/s]
Loading weights:  85%|████████▌ | 635/745 [01:08<00:26,  4.14it/s]
Loading weights:  86%|████████▋ | 643/745 [01:10<00:25,  4.00it/s]
Loading weights:  86%|████████▋ | 644/745 [01:10<00:24,  4.05it/s]
Loading weights:  87%|████████▋ | 645/745 [01:11<00:23,  4.19it/s]
Loading weights:  88%|████████▊ | 652/745 [01:13<00:24,  3.81it/s]
Loading weights:  88%|████████▊ | 654/745 [01:13<00:21,  4.19it/s]
Loading weights:  89%|████████▊ | 661/745 [01:15<00:22,  3.75it/s]
Loading weights:  90%|████████▉ | 670/745 [01:17<00:19,  3.85it/s]
Loading weights:  90%|█████████ | 671/745 [01:17<00:18,  3.99it/s]
Loading weights:  90%|█████████ | 672/745 [01:17<00:17,  4.17it/s]
Loading weights:  91%|█████████ | 679/745 [01:19<00:17,  3.84it/s]
Loading weights:  91%|█████████▏| 680/745 [01:20<00:16,  4.03it/s]
Loading weights:  91%|█████████▏| 681/745 [01:20<00:14,  4.29it/s]
Loading weights:  92%|█████████▏| 688/745 [01:22<00:16,  3.48it/s]
Loading weights:  93%|█████████▎| 690/745 [01:22<00:13,  4.07it/s]
Loading weights:  94%|█████████▎| 697/745 [01:24<00:13,  3.65it/s]
Loading weights:  94%|█████████▎| 698/745 [01:24<00:12,  3.81it/s]
Loading weights:  95%|█████████▍| 706/745 [01:26<00:10,  3.82it/s]
Loading weights:  95%|█████████▍| 707/745 [01:27<00:09,  3.97it/s]
Loading weights:  95%|█████████▌| 708/745 [01:27<00:08,  4.15it/s]
Loading weights:  96%|█████████▌| 715/745 [01:29<00:08,  3.74it/s]
Loading weights:  96%|█████████▌| 717/745 [01:29<00:06,  4.25it/s]
Loading weights:  97%|█████████▋| 724/745 [01:31<00:05,  3.70it/s]
Loading weights:  98%|█████████▊| 733/745 [01:33<00:03,  3.83it/s]
Loading weights:  99%|█████████▊| 734/745 [01:34<00:02,  3.88it/s]
Loading weights: 100%|█████████▉| 743/745 [01:37<00:00,  3.30it/s]
Loading weights: 100%|██████████| 745/745 [01:37<00:00,  7.66it/s]
Warning: You are sending unauthenticated requests to the HF Hub. Please set a HF_TOKEN to enable higher rate limits and faster downloads.
Loading audio encoder weights...
Loading multi-modal projector weights...
Loading text decoder weights...
Weight loading complete!

Benchmark configuration: 5 timed runs per component, 1 warmup benchmark passes, 3 measured benchmark passes
Input features shape: torch.Size([1, 128, 3000])
Input IDs shape: torch.Size([1, 59])

======================================================================
BENCHMARK PASS 1/4 (warmup, discarded)
======================================================================

======================================================================
DETAILED OPERATOR PROFILING (TORCH)
======================================================================

[1/4] Profiling Audio Encoder...
  Audio Encoder: 3200.90ms (+/- 6328.66ms)

[2/4] Profiling Multi-modal Projector...
  Projector: 4.31ms (+/- 8.32ms)

[3/4] Profiling Text Decoder (Prefill)...
  Decoder Prefill: 1597.20ms (+/- 3168.11ms)

[4/4] Profiling Decode Steps...
  Decode Step (avg): 343.64ms (+/- 988.07ms)

[5] Profiling Individual Decoder Layers...
  Layer 0: 0.58ms (+/- 0.11ms)
  Layer 1: 0.49ms (+/- 0.02ms)
  Layer 2: 0.47ms (+/- 0.01ms)
  Layer 3: 0.49ms (+/- 0.03ms)
  Layer 4: 0.48ms (+/- 0.01ms)

======================================================================
BENCHMARK PASS 2/4 (measured 1/3)
======================================================================

======================================================================
DETAILED OPERATOR PROFILING (TORCH)
======================================================================

[1/4] Profiling Audio Encoder...
  Audio Encoder: 36.61ms (+/- 0.22ms)

[2/4] Profiling Multi-modal Projector...
  Projector: 0.14ms (+/- 0.03ms)

[3/4] Profiling Text Decoder (Prefill)...
  Decoder Prefill: 13.01ms (+/- 0.10ms)

[4/4] Profiling Decode Steps...
  Decode Step (avg): 11.64ms (+/- 0.05ms)

[5] Profiling Individual Decoder Layers...
  Layer 0: 0.52ms (+/- 0.06ms)
  Layer 1: 0.50ms (+/- 0.02ms)
  Layer 2: 0.48ms (+/- 0.01ms)
  Layer 3: 0.49ms (+/- 0.02ms)
  Layer 4: 0.47ms (+/- 0.01ms)

======================================================================
BENCHMARK PASS 3/4 (measured 2/3)
======================================================================

======================================================================
DETAILED OPERATOR PROFILING (TORCH)
======================================================================

[1/4] Profiling Audio Encoder...
  Audio Encoder: 36.47ms (+/- 0.05ms)

[2/4] Profiling Multi-modal Projector...
  Projector: 0.14ms (+/- 0.02ms)

[3/4] Profiling Text Decoder (Prefill)...
  Decoder Prefill: 12.98ms (+/- 0.11ms)

[4/4] Profiling Decode Steps...
  Decode Step (avg): 11.61ms (+/- 0.04ms)

[5] Profiling Individual Decoder Layers...
  Layer 0: 0.49ms (+/- 0.03ms)
  Layer 1: 0.49ms (+/- 0.02ms)
  Layer 2: 0.49ms (+/- 0.03ms)
  Layer 3: 0.48ms (+/- 0.01ms)
  Layer 4: 0.48ms (+/- 0.02ms)

======================================================================
BENCHMARK PASS 4/4 (measured 3/3)
======================================================================

======================================================================
DETAILED OPERATOR PROFILING (TORCH)
======================================================================

[1/4] Profiling Audio Encoder...
  Audio Encoder: 36.51ms (+/- 0.04ms)

[2/4] Profiling Multi-modal Projector...
  Projector: 0.14ms (+/- 0.02ms)

[3/4] Profiling Text Decoder (Prefill)...
  Decoder Prefill: 12.93ms (+/- 0.10ms)

[4/4] Profiling Decode Steps...
  Decode Step (avg): 11.58ms (+/- 0.04ms)

[5] Profiling Individual Decoder Layers...
  Layer 0: 0.49ms (+/- 0.02ms)
  Layer 1: 0.48ms (+/- 0.02ms)
  Layer 2: 0.47ms (+/- 0.01ms)
  Layer 3: 0.47ms (+/- 0.02ms)
  Layer 4: 0.47ms (+/- 0.01ms)

======================================================================
AGGREGATED PERFORMANCE SUMMARY (3 measured benchmarks, 1 warmup discarded)
======================================================================

Component                              Time (ms)   % of Total
------------------------------------------------------------
Audio Encoder                            36.53ms        5.8%
Multi-modal Projector                     0.14ms        0.0%
Decoder (Prefill)                        12.97ms        2.1%
Decoder (50 decode steps)               580.45ms       92.1%
------------------------------------------------------------
TOTAL (estimated for 50 tokens)         630.09ms

=== glm_asr_triton_example ===
======================================================================
GLM-ASR Detailed Operator Profiling
======================================================================

Loading test audio...
Audio: 3.50s @ 16000Hz

Loading model from glm_asr_triton_example...
Loading HuggingFace model: zai-org/GLM-ASR-Nano-2512
Creating Triton model with config:
  Audio: hidden=1280, heads=20, layers=32
  Text: hidden=2048, heads=16, kv_heads=4, layers=28
Loading HuggingFace weights...

Loading weights:   0%|          | 0/745 [00:00<?, ?it/s]
Loading weights:   9%|▉         | 68/745 [00:00<00:01, 648.80it/s]
Loading weights:  18%|█▊        | 133/745 [00:00<00:00, 617.73it/s]
Loading weights:  26%|██▌       | 195/745 [00:00<00:00, 580.09it/s]
Loading weights:  34%|███▍      | 254/745 [00:00<00:00, 557.07it/s]
Loading weights:  42%|████▏     | 310/745 [00:00<00:00, 531.62it/s]
Loading weights:  51%|█████▏    | 383/745 [00:00<00:00, 561.75it/s]
Loading weights:  59%|█████▉    | 440/745 [00:00<00:00, 550.86it/s]
Loading weights:  67%|██████▋   | 496/745 [00:01<00:01, 208.81it/s]
Loading weights:  72%|███████▏  | 537/745 [00:01<00:00, 234.44it/s]
Loading weights:  77%|███████▋  | 577/745 [00:01<00:00, 202.76it/s]
Loading weights:  82%|████████▏ | 609/745 [00:02<00:00, 181.79it/s]
Loading weights:  85%|████████▌ | 636/745 [00:02<00:00, 170.49it/s]
Loading weights:  88%|████████▊ | 659/745 [00:02<00:00, 171.47it/s]
Loading weights:  91%|█████████▏| 680/745 [00:02<00:00, 157.10it/s]
Loading weights:  94%|█████████▍| 699/745 [00:02<00:00, 152.74it/s]
Loading weights:  96%|█████████▌| 716/745 [00:02<00:00, 146.53it/s]
Loading weights:  98%|█████████▊| 733/745 [00:02<00:00, 145.80it/s]
Loading weights: 100%|██████████| 745/745 [00:03<00:00, 248.02it/s]
Warning: You are sending unauthenticated requests to the HF Hub. Please set a HF_TOKEN to enable higher rate limits and faster downloads.
Loading audio encoder weights...
Loading multi-modal projector weights...
Loading text decoder weights...
Weight loading complete!

Benchmark configuration: 5 timed runs per component, 1 warmup benchmark passes, 3 measured benchmark passes
Input features shape: torch.Size([1, 128, 3000])
Input IDs shape: torch.Size([1, 59])

======================================================================
BENCHMARK PASS 1/4 (warmup, discarded)
======================================================================

======================================================================
DETAILED OPERATOR PROFILING (TORCH)
======================================================================

[1/4] Profiling Audio Encoder...
  Audio Encoder: 467.24ms (+/- 600.16ms)

[2/4] Profiling Multi-modal Projector...
  Projector: 4.23ms (+/- 6.25ms)

[3/4] Profiling Text Decoder (Prefill)...
  Decoder Prefill: 656.16ms (+/- 1271.77ms)

[4/4] Profiling Decode Steps...
  Decode Step (avg): 147.73ms (+/- 393.73ms)

[5] Profiling Individual Decoder Layers...
  Layer 0: 0.99ms (+/- 0.06ms)
  Layer 1: 0.96ms (+/- 0.02ms)
  Layer 2: 1.91ms (+/- 1.75ms)
  Layer 3: 1.02ms (+/- 0.06ms)
  Layer 4: 0.95ms (+/- 0.03ms)

======================================================================
BENCHMARK PASS 2/4 (measured 1/3)
======================================================================

======================================================================
DETAILED OPERATOR PROFILING (TORCH)
======================================================================

[1/4] Profiling Audio Encoder...
  Audio Encoder: 167.09ms (+/- 0.35ms)

[2/4] Profiling Multi-modal Projector...
  Projector: 1.12ms (+/- 0.04ms)

[3/4] Profiling Text Decoder (Prefill)...
  Decoder Prefill: 20.49ms (+/- 0.23ms)

[4/4] Profiling Decode Steps...
  Decode Step (avg): 16.32ms (+/- 0.13ms)

[5] Profiling Individual Decoder Layers...
  Layer 0: 0.97ms (+/- 0.04ms)
  Layer 1: 0.95ms (+/- 0.03ms)
  Layer 2: 0.96ms (+/- 0.03ms)
  Layer 3: 0.96ms (+/- 0.02ms)
  Layer 4: 0.95ms (+/- 0.03ms)

======================================================================
BENCHMARK PASS 3/4 (measured 2/3)
======================================================================

======================================================================
DETAILED OPERATOR PROFILING (TORCH)
======================================================================

[1/4] Profiling Audio Encoder...
  Audio Encoder: 167.00ms (+/- 0.13ms)

[2/4] Profiling Multi-modal Projector...
  Projector: 1.10ms (+/- 0.02ms)

[3/4] Profiling Text Decoder (Prefill)...
  Decoder Prefill: 20.15ms (+/- 0.21ms)

[4/4] Profiling Decode Steps...
  Decode Step (avg): 16.56ms (+/- 1.13ms)

[5] Profiling Individual Decoder Layers...
  Layer 0: 0.96ms (+/- 0.04ms)
  Layer 1: 0.95ms (+/- 0.03ms)
  Layer 2: 0.95ms (+/- 0.03ms)
  Layer 3: 0.95ms (+/- 0.02ms)
  Layer 4: 0.95ms (+/- 0.03ms)

======================================================================
BENCHMARK PASS 4/4 (measured 3/3)
======================================================================

======================================================================
DETAILED OPERATOR PROFILING (TORCH)
======================================================================

[1/4] Profiling Audio Encoder...
  Audio Encoder: 166.97ms (+/- 0.15ms)

[2/4] Profiling Multi-modal Projector...
  Projector: 1.10ms (+/- 0.02ms)

[3/4] Profiling Text Decoder (Prefill)...
  Decoder Prefill: 20.88ms (+/- 1.51ms)

[4/4] Profiling Decode Steps...
  Decode Step (avg): 16.14ms (+/- 0.17ms)

[5] Profiling Individual Decoder Layers...
  Layer 0: 0.95ms (+/- 0.04ms)
  Layer 1: 0.94ms (+/- 0.02ms)
  Layer 2: 0.94ms (+/- 0.02ms)
  Layer 3: 0.95ms (+/- 0.03ms)
  Layer 4: 0.94ms (+/- 0.02ms)

======================================================================
AGGREGATED PERFORMANCE SUMMARY (3 measured benchmarks, 1 warmup discarded)
======================================================================

Component                              Time (ms)   % of Total
------------------------------------------------------------
Audio Encoder                           167.02ms       16.6%
Multi-modal Projector                     1.11ms        0.1%
Decoder (Prefill)                        20.51ms        2.0%
Decoder (50 decode steps)               817.09ms       81.2%
------------------------------------------------------------
TOTAL (estimated for 50 tokens)        1005.73ms

=== Detailed Benchmark Complete ===
Date: Fri Mar 27 04:58:43 GMT 2026
Run directory: edin-mls-26-spring/hw1-asr/benchmark_runs/detailed_2236079
Summary copy: edin-mls-26-spring/docs/h200_detailed_component_benchmark_job_2236079.md
