======================================================================
GLM-ASR Detailed Operator Profiling
======================================================================

Loading test audio...
Audio: 3.50s @ 16000Hz

Loading model from glm_asr_triton_example...
Loading HuggingFace model: zai-org/GLM-ASR-Nano-2512
Creating Triton model with config:
  Audio: hidden=1280, heads=20, layers=32
  Text: hidden=2048, heads=16, kv_heads=4, layers=28
Loading HuggingFace weights...
Loading weights:   0%|          | 0/745 [00:00<?, ?it/s]Loading weights:   9%|▉         | 68/745 [00:00<00:01, 648.80it/s]Loading weights:  18%|█▊        | 133/745 [00:00<00:00, 617.73it/s]Loading weights:  26%|██▌       | 195/745 [00:00<00:00, 580.09it/s]Loading weights:  34%|███▍      | 254/745 [00:00<00:00, 557.07it/s]Loading weights:  42%|████▏     | 310/745 [00:00<00:00, 531.62it/s]Loading weights:  51%|█████▏    | 383/745 [00:00<00:00, 561.75it/s]Loading weights:  59%|█████▉    | 440/745 [00:00<00:00, 550.86it/s]Loading weights:  67%|██████▋   | 496/745 [00:01<00:01, 208.81it/s]Loading weights:  72%|███████▏  | 537/745 [00:01<00:00, 234.44it/s]Loading weights:  77%|███████▋  | 577/745 [00:01<00:00, 202.76it/s]Loading weights:  82%|████████▏ | 609/745 [00:02<00:00, 181.79it/s]Loading weights:  85%|████████▌ | 636/745 [00:02<00:00, 170.49it/s]Loading weights:  88%|████████▊ | 659/745 [00:02<00:00, 171.47it/s]Loading weights:  91%|█████████▏| 680/745 [00:02<00:00, 157.10it/s]Loading weights:  94%|█████████▍| 699/745 [00:02<00:00, 152.74it/s]Loading weights:  96%|█████████▌| 716/745 [00:02<00:00, 146.53it/s]Loading weights:  98%|█████████▊| 733/745 [00:02<00:00, 145.80it/s]Loading weights: 100%|██████████| 745/745 [00:03<00:00, 248.02it/s]
Warning: You are sending unauthenticated requests to the HF Hub. Please set a HF_TOKEN to enable higher rate limits and faster downloads.
Loading audio encoder weights...
Loading multi-modal projector weights...
Loading text decoder weights...
Weight loading complete!

Benchmark configuration: 5 timed runs per component, 1 warmup benchmark passes, 3 measured benchmark passes
Input features shape: torch.Size([1, 128, 3000])
Input IDs shape: torch.Size([1, 59])

======================================================================
BENCHMARK PASS 1/4 (warmup, discarded)
======================================================================

======================================================================
DETAILED OPERATOR PROFILING (TORCH)
======================================================================

[1/4] Profiling Audio Encoder...
  Audio Encoder: 467.24ms (+/- 600.16ms)

[2/4] Profiling Multi-modal Projector...
  Projector: 4.23ms (+/- 6.25ms)

[3/4] Profiling Text Decoder (Prefill)...
  Decoder Prefill: 656.16ms (+/- 1271.77ms)

[4/4] Profiling Decode Steps...
  Decode Step (avg): 147.73ms (+/- 393.73ms)

[5] Profiling Individual Decoder Layers...
  Layer 0: 0.99ms (+/- 0.06ms)
  Layer 1: 0.96ms (+/- 0.02ms)
  Layer 2: 1.91ms (+/- 1.75ms)
  Layer 3: 1.02ms (+/- 0.06ms)
  Layer 4: 0.95ms (+/- 0.03ms)

======================================================================
BENCHMARK PASS 2/4 (measured 1/3)
======================================================================

======================================================================
DETAILED OPERATOR PROFILING (TORCH)
======================================================================

[1/4] Profiling Audio Encoder...
  Audio Encoder: 167.09ms (+/- 0.35ms)

[2/4] Profiling Multi-modal Projector...
  Projector: 1.12ms (+/- 0.04ms)

[3/4] Profiling Text Decoder (Prefill)...
  Decoder Prefill: 20.49ms (+/- 0.23ms)

[4/4] Profiling Decode Steps...
  Decode Step (avg): 16.32ms (+/- 0.13ms)

[5] Profiling Individual Decoder Layers...
  Layer 0: 0.97ms (+/- 0.04ms)
  Layer 1: 0.95ms (+/- 0.03ms)
  Layer 2: 0.96ms (+/- 0.03ms)
  Layer 3: 0.96ms (+/- 0.02ms)
  Layer 4: 0.95ms (+/- 0.03ms)

======================================================================
BENCHMARK PASS 3/4 (measured 2/3)
======================================================================

======================================================================
DETAILED OPERATOR PROFILING (TORCH)
======================================================================

[1/4] Profiling Audio Encoder...
  Audio Encoder: 167.00ms (+/- 0.13ms)

[2/4] Profiling Multi-modal Projector...
  Projector: 1.10ms (+/- 0.02ms)

[3/4] Profiling Text Decoder (Prefill)...
  Decoder Prefill: 20.15ms (+/- 0.21ms)

[4/4] Profiling Decode Steps...
  Decode Step (avg): 16.56ms (+/- 1.13ms)

[5] Profiling Individual Decoder Layers...
  Layer 0: 0.96ms (+/- 0.04ms)
  Layer 1: 0.95ms (+/- 0.03ms)
  Layer 2: 0.95ms (+/- 0.03ms)
  Layer 3: 0.95ms (+/- 0.02ms)
  Layer 4: 0.95ms (+/- 0.03ms)

======================================================================
BENCHMARK PASS 4/4 (measured 3/3)
======================================================================

======================================================================
DETAILED OPERATOR PROFILING (TORCH)
======================================================================

[1/4] Profiling Audio Encoder...
  Audio Encoder: 166.97ms (+/- 0.15ms)

[2/4] Profiling Multi-modal Projector...
  Projector: 1.10ms (+/- 0.02ms)

[3/4] Profiling Text Decoder (Prefill)...
  Decoder Prefill: 20.88ms (+/- 1.51ms)

[4/4] Profiling Decode Steps...
  Decode Step (avg): 16.14ms (+/- 0.17ms)

[5] Profiling Individual Decoder Layers...
  Layer 0: 0.95ms (+/- 0.04ms)
  Layer 1: 0.94ms (+/- 0.02ms)
  Layer 2: 0.94ms (+/- 0.02ms)
  Layer 3: 0.95ms (+/- 0.03ms)
  Layer 4: 0.94ms (+/- 0.02ms)

======================================================================
AGGREGATED PERFORMANCE SUMMARY (3 measured benchmarks, 1 warmup discarded)
======================================================================

Component                              Time (ms)   % of Total
------------------------------------------------------------
Audio Encoder                           167.02ms       16.6%
Multi-modal Projector                     1.11ms        0.1%
Decoder (Prefill)                        20.51ms        2.0%
Decoder (50 decode steps)               817.09ms       81.2%
------------------------------------------------------------
TOTAL (estimated for 50 tokens)        1005.73ms
