======================================================================
GLM-ASR ABLATION TESTING — H200 MIG 3g.71gb
======================================================================
GPU: NVIDIA H200 MIG 3g.71gb
SMs: 60, VRAM: 69.8GB, Shared mem: 227.0KB
PyTorch: 2.10.0+cu130, CUDA: 13.0, Triton: 3.6.0
Timestamp: 2026-03-19 02:46:48
Tests to run: 22


======================================================================
[1/22] baseline_optimized
  Current optimized config (all optimizations enabled)
======================================================================
  Code changes: (none — baseline)
  Running benchmark...
  Result: 205.2ms (+/- 0.8ms)
  Individual runs: 206.4, 204.8, 204.5ms
  Accuracy: 100.0%

======================================================================
[2/22] precision_fp32
  Full fp32 pipeline (disable half-precision)
======================================================================
  Code changes:
    -layers.Linear.BF16 = True
    +layers.Linear.BF16 = False
  Running benchmark...
  Result: 206.7ms (+/- 1.4ms)
  Individual runs: 206.4, 205.2, 208.6ms
  Accuracy: 100.0%

======================================================================
[3/22] fusion_off_mlp
  Disable fused SwiGLU and LinearGELU kernels
======================================================================
  Code changes:
    -layers.MLP.FUSED = True
    -layers.EncoderMLP.FUSED = True
    +layers.MLP.FUSED = False
    +layers.EncoderMLP.FUSED = False
  Running benchmark...
  Result: 204.5ms (+/- 2.7ms)
  Individual runs: 208.3, 202.6, 202.7ms
  Accuracy: 100.0%

======================================================================
[4/22] fusion_off_rope
  Disable fused Q+K RoPE (separate kernel launches)
======================================================================
  Code changes:
    -    if q.is_cuda:
    +    if False and q.is_cuda:
  Running benchmark...
  Result: 234.1ms (+/- 1.6ms)
  Individual runs: 233.2, 236.3, 232.7ms
  Accuracy: 100.0%

======================================================================
[5/22] backend_triton_matmul
  Use Triton matmul instead of cuBLAS for Linear layers
======================================================================
  Code changes:
    -layers.Linear.BACKEND = "torch"
    +layers.Linear.BACKEND = "triton"
  Running benchmark...
  Result: 206.2ms (+/- 0.5ms)
  Individual runs: 206.9, 206.0, 205.8ms
  Accuracy: 100.0%

======================================================================
[6/22] sdpa_fallback_off
  Disable SDPA fallback (always custom flash attention)
======================================================================
  Code changes:
    -    if q.is_cuda and seq_q <= 4:
    +    if False:
  Running benchmark...
  Result: 208.6ms (+/- 1.7ms)
  Individual runs: 207.8, 210.9, 207.0ms
  Accuracy: 100.0%

======================================================================
[7/22] sdpa_threshold_1
  SDPA fallback only for seq_q <= 1
======================================================================
  Code changes:
    -    if q.is_cuda and seq_q <= 4:
    +    if q.is_cuda and seq_q <= 1:
  Running benchmark...
  Result: 203.8ms (+/- 0.7ms)
  Individual runs: 204.7, 203.2, 203.5ms
  Accuracy: 100.0%

======================================================================
[8/22] sdpa_threshold_8
  SDPA fallback for seq_q <= 8
======================================================================
  Code changes:
    -    if q.is_cuda and seq_q <= 4:
    +    if q.is_cuda and seq_q <= 8:
  Running benchmark...
  Result: 204.8ms (+/- 2.3ms)
  Individual runs: 208.0, 203.1, 203.2ms
  Accuracy: 100.0%

======================================================================
[9/22] sdpa_threshold_16
  SDPA fallback for seq_q <= 16
======================================================================
  Code changes:
    -    if q.is_cuda and seq_q <= 4:
    +    if q.is_cuda and seq_q <= 16:
  Running benchmark...
  Result: 205.7ms (+/- 2.6ms)
  Individual runs: 209.4, 204.1, 203.7ms
  Accuracy: 100.0%

======================================================================
[10/22] attn_enc_64x64_s1_w4
  Encoder attention 64x64, nstages=1, nwarps=4 (consumer config on H200)
======================================================================
  Code changes:
    -            64:  (128, 128, 2, 8),  # Large tiles + 2 pipeline stages
    +            64:  (64, 64, 1, 4),  # ABLATION: consumer-sized tiles
  Running benchmark...
  Result: 206.1ms (+/- 3.3ms)
  Individual runs: 210.8, 203.7, 203.9ms
  Accuracy: 100.0%

======================================================================
[11/22] attn_enc_128x64_s2_w8
  Encoder attention 128x64, nstages=2, nwarps=8
======================================================================
  Code changes:
    -            64:  (128, 128, 2, 8),  # Large tiles + 2 pipeline stages
    +            64:  (128, 64, 2, 8),  # ABLATION: asymmetric tiles
  Running benchmark...
  Result: 207.0ms (+/- 0.7ms)
  Individual runs: 207.9, 206.7, 206.3ms
  Accuracy: 100.0%

======================================================================
[12/22] attn_enc_64x32_s1_w4
  Encoder attention 64x32, nstages=1, nwarps=4 (small tiles)
======================================================================
  Code changes:
    -            64:  (128, 128, 2, 8),  # Large tiles + 2 pipeline stages
    +            64:  (64, 32, 1, 4),  # ABLATION: small tiles
  Running benchmark...
  Result: 209.5ms (+/- 0.6ms)
  Individual runs: 210.2, 209.4, 208.8ms
  Accuracy: 100.0%

======================================================================
[13/22] attn_dec_64x64_s2_w8
  Decoder attention 64x64, nstages=2, nwarps=8
======================================================================
  Code changes:
    -            128: (128, 64, 2, 8),
    +            128: (64, 64, 2, 8),  # ABLATION
  Running benchmark...
  Result: 205.8ms (+/- 0.3ms)
  Individual runs: 206.3, 205.7, 205.5ms
  Accuracy: 100.0%

======================================================================
[14/22] attn_dec_32x32_s1_w4
  Decoder attention 32x32, nstages=1, nwarps=4 (consumer config)
======================================================================
  Code changes:
    -            128: (128, 64, 2, 8),
    +            128: (32, 32, 1, 4),  # ABLATION
  Running benchmark...
  Result: 212.8ms (+/- 1.6ms)
  Individual runs: 212.3, 211.2, 215.0ms
  Accuracy: 100.0%

======================================================================
[15/22] attn_dec_64x32_s2_w8
  Decoder attention 64x32, nstages=2, nwarps=8
======================================================================
  Code changes:
    -            128: (128, 64, 2, 8),
    +            128: (64, 32, 2, 8),  # ABLATION
  Running benchmark...
  Result: 205.7ms (+/- 1.6ms)
  Individual runs: 205.5, 203.9, 207.7ms
  Accuracy: 100.0%

======================================================================
[16/22] enc_nstages_1
  Encoder attention nstages=1 (disable double-buffering)
======================================================================
  Code changes:
    -            64:  (128, 128, 2, 8),  # Large tiles + 2 pipeline stages
    +            64:  (128, 128, 1, 8),  # ABLATION: nstages=1
  Running benchmark...
  Result: 217.4ms (+/- 4.8ms)
  Individual runs: 224.1, 214.3, 213.7ms
  Accuracy: 100.0%

======================================================================
[17/22] enc_nstages_3
  Encoder attention nstages=3 (triple-buffering)
======================================================================
  Code changes:
    -            64:  (128, 128, 2, 8),  # Large tiles + 2 pipeline stages
    +            64:  (128, 128, 3, 8),  # ABLATION: nstages=3
  Running benchmark...
  Result: 207.6ms (+/- 2.4ms)
  Individual runs: 210.9, 205.5, 206.4ms
  Accuracy: 100.0%

======================================================================
[18/22] enc_nwarps_4
  Encoder attention nwarps=4 (128 threads/block)
======================================================================
  Code changes:
    -            64:  (128, 128, 2, 8),  # Large tiles + 2 pipeline stages
    +            64:  (128, 128, 2, 4),  # ABLATION: nwarps=4
  Running benchmark...
  Result: 217.2ms (+/- 0.5ms)
  Individual runs: 218.0, 216.9, 216.8ms
  Accuracy: 100.0%

======================================================================
[19/22] enc_nwarps_16
  Encoder attention nwarps=16 (512 threads/block)
======================================================================
  Code changes:
    -            64:  (128, 128, 2, 8),  # Large tiles + 2 pipeline stages
    +            64:  (128, 128, 2, 16),  # ABLATION: nwarps=16
  Running benchmark...
  Result: 209.5ms (+/- 0.7ms)
  Individual runs: 210.5, 209.1, 208.9ms
  Accuracy: 100.0%

======================================================================
[20/22] matmul_64x64x32
  Matmul tiles 64x64x32 (consumer config on H200)
======================================================================
  Code changes:
    -        "matmul_tiles": (128, 128, 64),
    +        "matmul_tiles": (64, 64, 32),  # ABLATION
  Running benchmark...
  Result: 207.2ms (+/- 1.8ms)
  Individual runs: 206.5, 205.4, 209.6ms
  Accuracy: 100.0%

======================================================================
[21/22] matmul_128x64x32
  Matmul tiles 128x64x32 (asymmetric, smaller TILE_K)
======================================================================
  Code changes:
    -        "matmul_tiles": (128, 128, 64),
    +        "matmul_tiles": (128, 64, 32),  # ABLATION
  Running benchmark...
  Result: 204.8ms (+/- 0.6ms)
  Individual runs: 205.6, 204.7, 204.1ms
  Accuracy: 100.0%

======================================================================
[22/22] matmul_128x128x32
  Matmul tiles 128x128x32 (same spatial, smaller TILE_K)
======================================================================
  Code changes:
    -        "matmul_tiles": (128, 128, 64),
    +        "matmul_tiles": (128, 128, 32),  # ABLATION
  Running benchmark...
  Result: 208.1ms (+/- 1.6ms)
  Individual runs: 207.7, 206.4, 210.3ms
  Accuracy: 100.0%


Original files restored.

======================================================================
ABLATION RESULTS SUMMARY
======================================================================
#   Test                               Time    Std    Delta    Acc
-----------------------------------------------------------------
1   baseline_optimized                205.2    0.8     +0.0   100%
2   precision_fp32                    206.7    1.4     +1.5   100%
3   fusion_off_mlp                    204.5    2.7     -0.7   100%
4   fusion_off_rope                   234.1    1.6    +28.9   100%
5   backend_triton_matmul             206.2    0.5     +1.0   100%
6   sdpa_fallback_off                 208.6    1.7     +3.4   100%
7   sdpa_threshold_1                  203.8    0.7     -1.4   100%
8   sdpa_threshold_8                  204.8    2.3     -0.4   100%
9   sdpa_threshold_16                 205.7    2.6     +0.5   100%
10  attn_enc_64x64_s1_w4              206.1    3.3     +0.9   100%
11  attn_enc_128x64_s2_w8             207.0    0.7     +1.8   100%
12  attn_enc_64x32_s1_w4              209.5    0.6     +4.3   100%
13  attn_dec_64x64_s2_w8              205.8    0.3     +0.6   100%
14  attn_dec_32x32_s1_w4              212.8    1.6     +7.6   100%
15  attn_dec_64x32_s2_w8              205.7    1.6     +0.5   100%
16  enc_nstages_1                     217.4    4.8    +12.2   100%
17  enc_nstages_3                     207.6    2.4     +2.4   100%
18  enc_nwarps_4                      217.2    0.5    +12.0   100%
19  enc_nwarps_16                     209.5    0.7     +4.3   100%
20  matmul_64x64x32                   207.2    1.8     +2.0   100%
21  matmul_128x64x32                  204.8    0.6     -0.4   100%
22  matmul_128x128x32                 208.1    1.6     +2.9   100%

Saved: ablation_results.json, ablation_results.md
