======================================================================
GLM-ASR Detailed Operator Profiling
======================================================================

Loading test audio...
Audio: 3.50s @ 16000Hz

Loading model from glm_asr_triton_template...
Attention mode: three_kernel
Loading HuggingFace model: zai-org/GLM-ASR-Nano-2512
Creating Triton model with config:
  Audio: hidden=1280, heads=20, layers=32
  Text: hidden=2048, heads=16, kv_heads=4, layers=28
Loading HuggingFace weights...
Loading weights:   0%|          | 0/745 [00:00<?, ?it/s]Loading weights:   9%|▉         | 68/745 [00:00<00:01, 653.72it/s]Loading weights:  18%|█▊        | 134/745 [00:00<00:01, 596.89it/s]Loading weights:  26%|██▌       | 194/745 [00:00<00:00, 576.51it/s]Loading weights:  34%|███▍      | 252/745 [00:00<00:00, 575.20it/s]Loading weights:  42%|████▏     | 310/745 [00:00<00:00, 546.79it/s]Loading weights:  49%|████▉     | 368/745 [00:00<00:00, 541.22it/s]Loading weights:  57%|█████▋    | 428/745 [00:00<00:00, 536.00it/s]Loading weights:  65%|██████▌   | 487/745 [00:01<00:01, 212.33it/s]Loading weights:  72%|███████▏  | 535/745 [00:01<00:00, 238.77it/s]Loading weights:  77%|███████▋  | 574/745 [00:01<00:00, 210.82it/s]Loading weights:  81%|████████▏ | 606/745 [00:02<00:00, 194.61it/s]Loading weights:  85%|████████▍ | 633/745 [00:02<00:00, 183.30it/s]Loading weights:  88%|████████▊ | 656/745 [00:02<00:00, 166.80it/s]Loading weights:  91%|█████████ | 676/745 [00:02<00:00, 161.01it/s]Loading weights:  93%|█████████▎| 695/745 [00:02<00:00, 161.04it/s]Loading weights:  96%|█████████▌| 713/745 [00:02<00:00, 154.99it/s]Loading weights:  98%|█████████▊| 730/745 [00:02<00:00, 141.39it/s]Loading weights: 100%|██████████| 745/745 [00:02<00:00, 249.62it/s]
Warning: You are sending unauthenticated requests to the HF Hub. Please set a HF_TOKEN to enable higher rate limits and faster downloads.
Loading audio encoder weights...
Loading multi-modal projector weights...
Loading text decoder weights...
Weight loading complete!

Benchmark configuration: 5 timed runs per component, 1 warmup benchmark passes, 3 measured benchmark passes
Input features shape: torch.Size([1, 128, 3000])
Input IDs shape: torch.Size([1, 59])

======================================================================
BENCHMARK PASS 1/4 (warmup, discarded)
======================================================================

======================================================================
DETAILED OPERATOR PROFILING (TORCH)
======================================================================

[1/4] Profiling Audio Encoder...
  Audio Encoder: 249.66ms (+/- 372.55ms)

[2/4] Profiling Multi-modal Projector...
  Projector: 4.08ms (+/- 7.86ms)

[3/4] Profiling Text Decoder (Prefill)...
  Decoder Prefill: 186.11ms (+/- 336.95ms)

[4/4] Profiling Decode Steps...
  Decode Step (avg): 127.22ms (+/- 336.77ms)

[5] Profiling Individual Decoder Layers...
  Layer 0: 0.75ms (+/- 0.13ms)
  Layer 1: 0.65ms (+/- 0.02ms)
  Layer 2: 0.65ms (+/- 0.01ms)
  Layer 3: 0.65ms (+/- 0.02ms)
  Layer 4: 0.66ms (+/- 0.02ms)

======================================================================
BENCHMARK PASS 2/4 (measured 1/3)
======================================================================

======================================================================
DETAILED OPERATOR PROFILING (TORCH)
======================================================================

[1/4] Profiling Audio Encoder...
  Audio Encoder: 63.31ms (+/- 0.20ms)

[2/4] Profiling Multi-modal Projector...
  Projector: 0.14ms (+/- 0.02ms)

[3/4] Profiling Text Decoder (Prefill)...
  Decoder Prefill: 17.57ms (+/- 0.12ms)

[4/4] Profiling Decode Steps...
  Decode Step (avg): 14.91ms (+/- 0.15ms)

[5] Profiling Individual Decoder Layers...
  Layer 0: 0.66ms (+/- 0.04ms)
  Layer 1: 0.64ms (+/- 0.01ms)
  Layer 2: 0.65ms (+/- 0.02ms)
  Layer 3: 0.64ms (+/- 0.01ms)
  Layer 4: 0.65ms (+/- 0.02ms)

======================================================================
BENCHMARK PASS 3/4 (measured 2/3)
======================================================================

======================================================================
DETAILED OPERATOR PROFILING (TORCH)
======================================================================

[1/4] Profiling Audio Encoder...
  Audio Encoder: 63.22ms (+/- 0.05ms)

[2/4] Profiling Multi-modal Projector...
  Projector: 0.14ms (+/- 0.02ms)

[3/4] Profiling Text Decoder (Prefill)...
  Decoder Prefill: 17.57ms (+/- 0.13ms)

[4/4] Profiling Decode Steps...
  Decode Step (avg): 14.85ms (+/- 0.07ms)

[5] Profiling Individual Decoder Layers...
  Layer 0: 0.66ms (+/- 0.03ms)
  Layer 1: 0.64ms (+/- 0.02ms)
  Layer 2: 0.66ms (+/- 0.02ms)
  Layer 3: 0.64ms (+/- 0.02ms)
  Layer 4: 0.64ms (+/- 0.02ms)

======================================================================
BENCHMARK PASS 4/4 (measured 3/3)
======================================================================

======================================================================
DETAILED OPERATOR PROFILING (TORCH)
======================================================================

[1/4] Profiling Audio Encoder...
  Audio Encoder: 63.23ms (+/- 0.05ms)

[2/4] Profiling Multi-modal Projector...
  Projector: 0.13ms (+/- 0.02ms)

[3/4] Profiling Text Decoder (Prefill)...
  Decoder Prefill: 17.51ms (+/- 0.12ms)

[4/4] Profiling Decode Steps...
  Decode Step (avg): 14.79ms (+/- 0.07ms)

[5] Profiling Individual Decoder Layers...
  Layer 0: 0.66ms (+/- 0.03ms)
  Layer 1: 0.65ms (+/- 0.02ms)
  Layer 2: 0.64ms (+/- 0.01ms)
  Layer 3: 0.65ms (+/- 0.03ms)
  Layer 4: 0.64ms (+/- 0.02ms)

======================================================================
AGGREGATED PERFORMANCE SUMMARY (3 measured benchmarks, 1 warmup discarded)
======================================================================

Component                              Time (ms)   % of Total
------------------------------------------------------------
Audio Encoder                            63.25ms        7.7%
Multi-modal Projector                     0.14ms        0.0%
Decoder (Prefill)                        17.55ms        2.1%
Decoder (50 decode steps)               742.55ms       90.2%
------------------------------------------------------------
TOTAL (estimated for 50 tokens)         823.49ms
